
/home/runner/work/exp-file-transfer-tcp-iiith/exp-file-transfer-tcp-iiith/experiment/simulation/js/index-CEp1N4qh.js
    320:20  warning  'process' is not defined                                                   no-undef
    322:13  warning  'process' is not defined                                                   no-undef
    629:43  warning  'setImmediate' is not defined                                              no-undef
    692:17  warning  Unreachable code                                                           no-unreachable
   1039:16  warning  '__REACT_DEVTOOLS_GLOBAL_HOOK__' is not defined                            no-undef
   1043:9   warning  '__REACT_DEVTOOLS_GLOBAL_HOOK__' is not defined                            no-undef
   1244:19  warning  Empty block statement                                                      no-empty
   1326:15  warning  Empty block statement                                                      no-empty
   1649:12  warning  Unexpected combined character in character class                           no-misleading-character-class
   1843:13  warning  Expected a conditional expression and instead saw an assignment            no-cond-assign
   1914:10  warning  Do not access Object.prototype method 'hasOwnProperty' from target object  no-prototype-builtins
   2042:16  warning  Do not access Object.prototype method 'hasOwnProperty' from target object  no-prototype-builtins
   2118:12  warning  Do not access Object.prototype method 'hasOwnProperty' from target object  no-prototype-builtins
   2119:27  warning  Do not access Object.prototype method 'hasOwnProperty' from target object  no-prototype-builtins
   2126:23  warning  Do not access Object.prototype method 'hasOwnProperty' from target object  no-prototype-builtins
   2127:31  warning  Do not access Object.prototype method 'hasOwnProperty' from target object  no-prototype-builtins
   2226:7   warning  Unexpected control character(s) in regular expression: \x00, \x1f          no-control-regex
   2360:9   warning  Expected to return a value in method 'get'                                 getter-return
   2410:11  warning  Do not access Object.prototype method 'hasOwnProperty' from target object  no-prototype-builtins
   2429:41  warning  Invalid typeof comparison value                                            valid-typeof
   2437:42  warning  Invalid typeof comparison value                                            valid-typeof
   2574:10  warning  Expected a conditional expression and instead saw an assignment            no-cond-assign
   2962:24  warning  Do not access Object.prototype method 'hasOwnProperty' from target object  no-prototype-builtins
   3828:15  warning  Expected a 'break' statement before 'case'                                 no-fallthrough
   3865:16  warning  Unexpected constant condition                                              no-constant-condition
   4680:17  warning  Empty block statement                                                      no-empty
   4681:19  warning  Empty block statement                                                      no-empty
   5336:17  warning  Empty block statement                                                      no-empty
   5480:20  warning  'process' is not defined                                                   no-undef
   5482:13  warning  'process' is not defined                                                   no-undef
   5858:14  warning  Expected a conditional expression and instead saw an assignment            no-cond-assign
   5907:12  warning  Expected a conditional expression and instead saw an assignment            no-cond-assign
   6446:16  warning  Expected a conditional expression and instead saw an assignment            no-cond-assign
   7490:7   warning  Expected a 'break' statement before 'case'                                 no-fallthrough
   7547:15  warning  Empty block statement                                                      no-empty
   7568:7   warning  Expected a 'break' statement before 'case'                                 no-fallthrough
   7962:40  warning  Do not access Object.prototype method 'hasOwnProperty' from target object  no-prototype-builtins
   8091:9   warning  Expected a 'break' statement before 'case'                                 no-fallthrough
   8146:9   warning  Expected a 'break' statement before 'case'                                 no-fallthrough
   8558:13  warning  Expected a 'break' statement before 'case'                                 no-fallthrough
   8582:14  warning  Unexpected constant condition                                              no-constant-condition
   8755:12  warning  Unexpected constant condition                                              no-constant-condition
   8813:17  warning  Expected a 'break' statement before 'case'                                 no-fallthrough
   8844:12  warning  Unexpected constant condition                                              no-constant-condition
   8873:7   warning  Expected a 'break' statement before 'default'                              no-fallthrough
   9102:17  warning  Empty block statement                                                      no-empty
   9129:15  warning  't' is defined but never used                                              no-unused-vars
   9157:17  warning  Empty block statement                                                      no-empty
   9259:18  warning  'l' is defined but never used                                              no-unused-vars
   9431:16  warning  Expected a conditional expression and instead saw an assignment            no-cond-assign
   9651:13  warning  Expected a 'break' statement before 'case'                                 no-fallthrough
   9667:13  warning  Expected a 'break' statement before 'case'                                 no-fallthrough
   9765:20  warning  Expected a conditional expression and instead saw an assignment            no-cond-assign
   9869:11  warning  Expected a 'break' statement before 'case'                                 no-fallthrough
   9964:10  warning  Unexpected control character(s) in regular expression: \x00                no-control-regex
  10008:7   warning  Expected a 'break' statement before 'case'                                 no-fallthrough
  10243:17  warning  Do not access Object.prototype method 'hasOwnProperty' from target object  no-prototype-builtins
  10288:17  warning  Do not access Object.prototype method 'hasOwnProperty' from target object  no-prototype-builtins
  10314:17  warning  Do not access Object.prototype method 'hasOwnProperty' from target object  no-prototype-builtins
  10349:17  warning  Do not access Object.prototype method 'hasOwnProperty' from target object  no-prototype-builtins
  10359:15  warning  Expected a 'break' statement before 'default'                              no-fallthrough
  10370:17  warning  Do not access Object.prototype method 'hasOwnProperty' from target object  no-prototype-builtins
  10391:17  warning  Do not access Object.prototype method 'hasOwnProperty' from target object  no-prototype-builtins
  10422:7   warning  Expected a 'break' statement before 'case'                                 no-fallthrough
  10434:17  warning  Do not access Object.prototype method 'hasOwnProperty' from target object  no-prototype-builtins
  10446:15  warning  Do not access Object.prototype method 'hasOwnProperty' from target object  no-prototype-builtins
  10452:9   warning  Do not access Object.prototype method 'hasOwnProperty' from target object  no-prototype-builtins
  10475:17  warning  Do not access Object.prototype method 'hasOwnProperty' from target object  no-prototype-builtins
  10483:15  warning  Expected a 'break' statement before 'default'                              no-fallthrough
  10484:19  warning  Do not access Object.prototype method 'hasOwnProperty' from target object  no-prototype-builtins
  10489:30  warning  Do not access Object.prototype method 'hasOwnProperty' from target object  no-prototype-builtins
  10522:30  warning  Do not access Object.prototype method 'hasOwnProperty' from target object  no-prototype-builtins
  10528:15  warning  Expected a 'break' statement before 'default'                              no-fallthrough
  10529:19  warning  Do not access Object.prototype method 'hasOwnProperty' from target object  no-prototype-builtins
  10535:15  warning  Do not access Object.prototype method 'hasOwnProperty' from target object  no-prototype-builtins
  10546:15  warning  Expected a 'break' statement before 'default'                              no-fallthrough
  10562:15  warning  Do not access Object.prototype method 'hasOwnProperty' from target object  no-prototype-builtins
  10562:52  warning  Do not access Object.prototype method 'hasOwnProperty' from target object  no-prototype-builtins
  10576:15  warning  Do not access Object.prototype method 'hasOwnProperty' from target object  no-prototype-builtins
  10599:15  warning  Do not access Object.prototype method 'hasOwnProperty' from target object  no-prototype-builtins
  10599:52  warning  Do not access Object.prototype method 'hasOwnProperty' from target object  no-prototype-builtins
  10612:15  warning  Do not access Object.prototype method 'hasOwnProperty' from target object  no-prototype-builtins
  10640:15  warning  Do not access Object.prototype method 'hasOwnProperty' from target object  no-prototype-builtins
  10642:18  warning  Do not access Object.prototype method 'hasOwnProperty' from target object  no-prototype-builtins
  10648:15  warning  Do not access Object.prototype method 'hasOwnProperty' from target object  no-prototype-builtins
  10663:17  warning  Do not access Object.prototype method 'hasOwnProperty' from target object  no-prototype-builtins
  10665:20  warning  Do not access Object.prototype method 'hasOwnProperty' from target object  no-prototype-builtins
  10670:18  warning  Do not access Object.prototype method 'hasOwnProperty' from target object  no-prototype-builtins
  10679:11  warning  Do not access Object.prototype method 'hasOwnProperty' from target object  no-prototype-builtins
  10681:14  warning  Do not access Object.prototype method 'hasOwnProperty' from target object  no-prototype-builtins
  10686:12  warning  Do not access Object.prototype method 'hasOwnProperty' from target object  no-prototype-builtins
  11138:14  warning  Expected a conditional expression and instead saw an assignment            no-cond-assign
  11292:14  warning  Expected a conditional expression and instead saw an assignment            no-cond-assign
  12040:14  warning  '__REACT_DEVTOOLS_GLOBAL_HOOK__' is not defined                            no-undef
  12044:15  warning  Empty block statement                                                      no-empty
  12118:16  warning  '__REACT_DEVTOOLS_GLOBAL_HOOK__' is not defined                            no-undef
  12122:9   warning  '__REACT_DEVTOOLS_GLOBAL_HOOK__' is not defined                            no-undef
  12466:6   warning  'tt' is assigned a value but never used                                    no-unused-vars
  12622:6   warning  'tt' is assigned a value but never used                                    no-unused-vars
  12890:6   warning  'V' is assigned a value but never used                                     no-unused-vars
  13063:6   warning  'rt' is assigned a value but never used                                    no-unused-vars
  13365:6   warning  'V' is assigned a value but never used                                     no-unused-vars

/home/runner/work/exp-file-transfer-tcp-iiith/exp-file-transfer-tcp-iiith/experiment/simulation/js/index-CTPqNXKX.js
    320:20  warning  'process' is not defined                                                   no-undef
    322:13  warning  'process' is not defined                                                   no-undef
    629:43  warning  'setImmediate' is not defined                                              no-undef
    692:17  warning  Unreachable code                                                           no-unreachable
   1039:16  warning  '__REACT_DEVTOOLS_GLOBAL_HOOK__' is not defined                            no-undef
   1043:9   warning  '__REACT_DEVTOOLS_GLOBAL_HOOK__' is not defined                            no-undef
   1244:19  warning  Empty block statement                                                      no-empty
   1326:15  warning  Empty block statement                                                      no-empty
   1649:12  warning  Unexpected combined character in character class                           no-misleading-character-class
   1843:13  warning  Expected a conditional expression and instead saw an assignment            no-cond-assign
   1914:10  warning  Do not access Object.prototype method 'hasOwnProperty' from target object  no-prototype-builtins
   2042:16  warning  Do not access Object.prototype method 'hasOwnProperty' from target object  no-prototype-builtins
   2118:12  warning  Do not access Object.prototype method 'hasOwnProperty' from target object  no-prototype-builtins
   2119:27  warning  Do not access Object.prototype method 'hasOwnProperty' from target object  no-prototype-builtins
   2126:23  warning  Do not access Object.prototype method 'hasOwnProperty' from target object  no-prototype-builtins
   2127:31  warning  Do not access Object.prototype method 'hasOwnProperty' from target object  no-prototype-builtins
   2226:7   warning  Unexpected control character(s) in regular expression: \x00, \x1f          no-control-regex
   2360:9   warning  Expected to return a value in method 'get'                                 getter-return
   2410:11  warning  Do not access Object.prototype method 'hasOwnProperty' from target object  no-prototype-builtins
   2429:41  warning  Invalid typeof comparison value                                            valid-typeof
   2437:42  warning  Invalid typeof comparison value                                            valid-typeof
   2574:10  warning  Expected a conditional expression and instead saw an assignment            no-cond-assign
   2962:24  warning  Do not access Object.prototype method 'hasOwnProperty' from target object  no-prototype-builtins
   3828:15  warning  Expected a 'break' statement before 'case'                                 no-fallthrough
   3865:16  warning  Unexpected constant condition                                              no-constant-condition
   4680:17  warning  Empty block statement                                                      no-empty
   4681:19  warning  Empty block statement                                                      no-empty
   5336:17  warning  Empty block statement                                                      no-empty
   5480:20  warning  'process' is not defined                                                   no-undef
   5482:13  warning  'process' is not defined                                                   no-undef
   5858:14  warning  Expected a conditional expression and instead saw an assignment            no-cond-assign
   5907:12  warning  Expected a conditional expression and instead saw an assignment            no-cond-assign
   6446:16  warning  Expected a conditional expression and instead saw an assignment            no-cond-assign
   7490:7   warning  Expected a 'break' statement before 'case'                                 no-fallthrough
   7547:15  warning  Empty block statement                                                      no-empty
   7568:7   warning  Expected a 'break' statement before 'case'                                 no-fallthrough
   7962:40  warning  Do not access Object.prototype method 'hasOwnProperty' from target object  no-prototype-builtins
   8091:9   warning  Expected a 'break' statement before 'case'                                 no-fallthrough
   8146:9   warning  Expected a 'break' statement before 'case'                                 no-fallthrough
   8558:13  warning  Expected a 'break' statement before 'case'                                 no-fallthrough
   8582:14  warning  Unexpected constant condition                                              no-constant-condition
   8755:12  warning  Unexpected constant condition                                              no-constant-condition
   8813:17  warning  Expected a 'break' statement before 'case'                                 no-fallthrough
   8844:12  warning  Unexpected constant condition                                              no-constant-condition
   8873:7   warning  Expected a 'break' statement before 'default'                              no-fallthrough
   9102:17  warning  Empty block statement                                                      no-empty
   9129:15  warning  't' is defined but never used                                              no-unused-vars
   9157:17  warning  Empty block statement                                                      no-empty
   9259:18  warning  'l' is defined but never used                                              no-unused-vars
   9431:16  warning  Expected a conditional expression and instead saw an assignment            no-cond-assign
   9651:13  warning  Expected a 'break' statement before 'case'                                 no-fallthrough
   9667:13  warning  Expected a 'break' statement before 'case'                                 no-fallthrough
   9765:20  warning  Expected a conditional expression and instead saw an assignment            no-cond-assign
   9869:11  warning  Expected a 'break' statement before 'case'                                 no-fallthrough
   9964:10  warning  Unexpected control character(s) in regular expression: \x00                no-control-regex
  10008:7   warning  Expected a 'break' statement before 'case'                                 no-fallthrough
  10243:17  warning  Do not access Object.prototype method 'hasOwnProperty' from target object  no-prototype-builtins
  10288:17  warning  Do not access Object.prototype method 'hasOwnProperty' from target object  no-prototype-builtins
  10314:17  warning  Do not access Object.prototype method 'hasOwnProperty' from target object  no-prototype-builtins
  10349:17  warning  Do not access Object.prototype method 'hasOwnProperty' from target object  no-prototype-builtins
  10359:15  warning  Expected a 'break' statement before 'default'                              no-fallthrough
  10370:17  warning  Do not access Object.prototype method 'hasOwnProperty' from target object  no-prototype-builtins
  10391:17  warning  Do not access Object.prototype method 'hasOwnProperty' from target object  no-prototype-builtins
  10422:7   warning  Expected a 'break' statement before 'case'                                 no-fallthrough
  10434:17  warning  Do not access Object.prototype method 'hasOwnProperty' from target object  no-prototype-builtins
  10446:15  warning  Do not access Object.prototype method 'hasOwnProperty' from target object  no-prototype-builtins
  10452:9   warning  Do not access Object.prototype method 'hasOwnProperty' from target object  no-prototype-builtins
  10475:17  warning  Do not access Object.prototype method 'hasOwnProperty' from target object  no-prototype-builtins
  10483:15  warning  Expected a 'break' statement before 'default'                              no-fallthrough
  10484:19  warning  Do not access Object.prototype method 'hasOwnProperty' from target object  no-prototype-builtins
  10489:30  warning  Do not access Object.prototype method 'hasOwnProperty' from target object  no-prototype-builtins
  10522:30  warning  Do not access Object.prototype method 'hasOwnProperty' from target object  no-prototype-builtins
  10528:15  warning  Expected a 'break' statement before 'default'                              no-fallthrough
  10529:19  warning  Do not access Object.prototype method 'hasOwnProperty' from target object  no-prototype-builtins
  10535:15  warning  Do not access Object.prototype method 'hasOwnProperty' from target object  no-prototype-builtins
  10546:15  warning  Expected a 'break' statement before 'default'                              no-fallthrough
  10562:15  warning  Do not access Object.prototype method 'hasOwnProperty' from target object  no-prototype-builtins
  10562:52  warning  Do not access Object.prototype method 'hasOwnProperty' from target object  no-prototype-builtins
  10576:15  warning  Do not access Object.prototype method 'hasOwnProperty' from target object  no-prototype-builtins
  10599:15  warning  Do not access Object.prototype method 'hasOwnProperty' from target object  no-prototype-builtins
  10599:52  warning  Do not access Object.prototype method 'hasOwnProperty' from target object  no-prototype-builtins
  10612:15  warning  Do not access Object.prototype method 'hasOwnProperty' from target object  no-prototype-builtins
  10640:15  warning  Do not access Object.prototype method 'hasOwnProperty' from target object  no-prototype-builtins
  10642:18  warning  Do not access Object.prototype method 'hasOwnProperty' from target object  no-prototype-builtins
  10648:15  warning  Do not access Object.prototype method 'hasOwnProperty' from target object  no-prototype-builtins
  10663:17  warning  Do not access Object.prototype method 'hasOwnProperty' from target object  no-prototype-builtins
  10665:20  warning  Do not access Object.prototype method 'hasOwnProperty' from target object  no-prototype-builtins
  10670:18  warning  Do not access Object.prototype method 'hasOwnProperty' from target object  no-prototype-builtins
  10679:11  warning  Do not access Object.prototype method 'hasOwnProperty' from target object  no-prototype-builtins
  10681:14  warning  Do not access Object.prototype method 'hasOwnProperty' from target object  no-prototype-builtins
  10686:12  warning  Do not access Object.prototype method 'hasOwnProperty' from target object  no-prototype-builtins
  11138:14  warning  Expected a conditional expression and instead saw an assignment            no-cond-assign
  11292:14  warning  Expected a conditional expression and instead saw an assignment            no-cond-assign
  12040:14  warning  '__REACT_DEVTOOLS_GLOBAL_HOOK__' is not defined                            no-undef
  12044:15  warning  Empty block statement                                                      no-empty
  12118:16  warning  '__REACT_DEVTOOLS_GLOBAL_HOOK__' is not defined                            no-undef
  12122:9   warning  '__REACT_DEVTOOLS_GLOBAL_HOOK__' is not defined                            no-undef
  12464:6   warning  'tt' is assigned a value but never used                                    no-unused-vars
  12620:6   warning  'tt' is assigned a value but never used                                    no-unused-vars
  12888:6   warning  'V' is assigned a value but never used                                     no-unused-vars
  13061:6   warning  'rt' is assigned a value but never used                                    no-unused-vars
  13363:6   warning  'V' is assigned a value but never used                                     no-unused-vars

/home/runner/work/exp-file-transfer-tcp-iiith/exp-file-transfer-tcp-iiith/experiment/simulation/js/main.js
     6:7   warning  'div_content' is already defined             no-redeclare
     7:7   warning  'doc_width' is already defined               no-redeclare
    10:7   warning  'div_content' is already defined             no-redeclare
    11:7   warning  'doc_width' is already defined               no-redeclare
    14:7   warning  'div_content' is already defined             no-redeclare
    15:7   warning  'doc_width' is already defined               no-redeclare
    18:7   warning  'div_content' is already defined             no-redeclare
    19:7   warning  'doc_width' is already defined               no-redeclare
    36:10  warning  'addGraphTitles' is defined but never used   no-unused-vars
    40:3   warning  'canvas' is not defined                      no-undef
    41:3   warning  'canvas' is not defined                      no-undef
    43:24  warning  'canvas' is not defined                      no-undef
   253:5   warning  'progress_incrementor' is not defined        no-undef
   254:17  warning  'progress_incrementor' is not defined        no-undef
   322:5   warning  'progress2_incrementor' is not defined       no-undef
   323:18  warning  'progress2_incrementor' is not defined       no-undef
   482:14  warning  'i' is already defined                       no-redeclare
   487:14  warning  'i' is already defined                       no-redeclare
   493:16  warning  'i' is already defined                       no-redeclare
   499:16  warning  'i' is already defined                       no-redeclare
   530:16  warning  'i' is already defined                       no-redeclare
   534:14  warning  'i' is already defined                       no-redeclare
   538:14  warning  'i' is already defined                       no-redeclare
   543:16  warning  'i' is already defined                       no-redeclare
   549:16  warning  'i' is already defined                       no-redeclare
   674:16  warning  'p1_buttonPress' is defined but never used   no-unused-vars
   717:16  warning  'p2_buttonPress' is defined but never used   no-unused-vars
   823:16  warning  'p3_button_press' is defined but never used  no-unused-vars
   869:16  warning  'p6_button_press' is defined but never used  no-unused-vars
   929:16  warning  'p4_button_press' is defined but never used  no-unused-vars
   998:16  warning  'p5_button_press' is defined but never used  no-unused-vars
  1240:16  warning  'p7_button_press' is defined but never used  no-unused-vars
  1266:7   warning  'msg' is not defined                         no-undef
  1271:31  warning  'msg' is not defined                         no-undef
  1274:46  warning  'msg' is not defined                         no-undef
  1274:55  warning  'msg' is not defined                         no-undef
  1279:33  warning  'msg' is not defined                         no-undef
  1481:9   warning  'c_type' is already defined                  no-redeclare
  1713:14  warning  'i' is already defined                       no-redeclare
  1787:14  warning  'i' is already defined                       no-redeclare
  1794:14  warning  'i' is already defined                       no-redeclare
  1802:14  warning  'i' is already defined                       no-redeclare
  1819:14  warning  'i' is already defined                       no-redeclare
  1827:12  warning  'i' is already defined                       no-redeclare

/home/runner/work/exp-file-transfer-tcp-iiith/exp-file-transfer-tcp-iiith/experiment/simulation/js/nav.js
   9:9   warning  'temp' is not defined  no-undef
  10:35  warning  'temp' is not defined  no-undef
  11:46  warning  'temp' is not defined  no-undef

✖ 251 problems (0 errors, 251 warnings)

